// Jest Snapshot v1, https://goo.gl/fbAQLP

exports[`AddTodoForm component should check snapshot 1`] = `ReactWrapper {}`;
