// Jest Snapshot v1, https://goo.gl/fbAQLP

exports[`AddTodoForm component renders correctly enzyme 1`] = `
<div
  className="notFound"
>
  <h1>
    404 Not Found 
  </h1>
</div>
`;
